[Trader 1] Received from SPX: MARKET OPEN;
[Trader 1] Received from SPX: MARKET SELL GPU 30 500;
[Trader 1] Received from SPX: ACCEPTED 0;
[Trader 1] Received from SPX: MARKET SELL GPU 30 501;
[Trader 1] Received from SPX: ACCEPTED 1;
[Trader 1] Received from SPX: FILL 1 30;
[Trader 1] Received from SPX: MARKET SELL GPU 30 501;
[Trader 1] Received from SPX: ACCEPTED 2;
[Trader 1] Received from SPX: MARKET SELL GPU 30 502;
[Trader 1] Received from SPX: ACCEPTED 3;
[Trader 1] Received from SPX: FILL 3 30;
[Trader 1] Received from SPX: FILL 3 0;
[Trader 1] Received from SPX: MARKET SELL Router 22 51;
[Trader 1] Received from SPX: ACCEPTED 4;
[Trader 1] Received from SPX: MARKET SELL GPU 30 503;
[Trader 1] Received from SPX: ACCEPTED 5;
[Trader 1] Received from SPX: FILL 5 30;
[Trader 1] Received from SPX: MARKET SELL Router 22 505;
[Trader 1] Received from SPX: ACCEPTED 6;
[Trader 1] Received from SPX: MARKET SELL Router 100000 100000;
